━━━━━━━━━━━━━━━━━━━━━━━━━━━━━
24/06/2026 10:00:01 — Iniciando robot

══════════════════════════════════════════════════
  🤖  AST Time Report Bot
  📅  Fecha: 24/06/2026
  ⏱   Horas a cargar: 8 hs
══════════════════════════════════════════════════

  →  Navegando a https://timereport.accusys.com.ar/web/login.aspx
  ✓  Login OK
  →  Screenshot guardado en: /Users/matiaslazarte/Cloude_1/logs/debug_post_login.png
  →  Seleccionando actividad 121431...
  ✓  Actividad seleccionada: 121431 - 1 - 1: STAFF ACCUSYS_ING DE PRODUCTO Y SERV_Desarro…
  →  Verificando fecha...
  ✓  Fecha correcta: 24/06/2026
  →  Seleccionando horas...
  ✓  Horas seteadas: 8 hs, 0 min

──────────────────────────────────────────────────
  →  Modo automático: guardando en 3 segundos...
  ✓  ¡Horas guardadas correctamente!

══════════════════════════════════════════════════
  ✅  Listo!
══════════════════════════════════════════════════

10:00:46 — ✅ OK
